Release 7.1i - xst H.38
Copyright (c) 1995-2005 Xilinx, Inc.  All rights reserved.
--> Parameter TMPDIR set to __projnav
CPU : 0.00 / 0.51 s | Elapsed : 0.00 / 0.00 s
 
--> Parameter xsthdpdir set to ./xst
CPU : 0.00 / 0.51 s | Elapsed : 0.00 / 0.00 s
 
--> Reading design: i2c.prj

TABLE OF CONTENTS
  1) Synthesis Options Summary
  2) HDL Compilation
  3) HDL Analysis
  4) HDL Synthesis
  5) Advanced HDL Synthesis
     5.1) HDL Synthesis Report
  6) Low Level Synthesis
  7) Final Report
     7.1) Device utilization summary
     7.2) TIMING REPORT


=========================================================================
*                      Synthesis Options Summary                        *
=========================================================================
---- Source Parameters
Input File Name                    : "i2c.prj"
Input Format                       : mixed
Ignore Synthesis Constraint File   : NO

---- Target Parameters
Output File Name                   : "i2c"
Output Format                      : NGC
Target Device                      : xc3s200-4-pq208

---- Source Options
Top Module Name                    : i2c
Automatic FSM Extraction           : YES
FSM Encoding Algorithm             : Auto
FSM Style                          : lut
RAM Extraction                     : Yes
RAM Style                          : Auto
ROM Extraction                     : Yes
ROM Style                          : Auto
Mux Extraction                     : YES
Decoder Extraction                 : YES
Priority Encoder Extraction        : YES
Shift Register Extraction          : YES
Logical Shifter Extraction         : YES
XOR Collapsing                     : YES
Resource Sharing                   : YES
Multiplier Style                   : auto
Automatic Register Balancing       : No

---- Target Options
Add IO Buffers                     : YES
Global Maximum Fanout              : 500
Add Generic Clock Buffer(BUFG)     : 8
Register Duplication               : YES
Equivalent register Removal        : YES
Slice Packing                      : YES
Pack IO Registers into IOBs        : auto

---- General Options
Optimization Goal                  : Speed
Optimization Effort                : 1
Keep Hierarchy                     : NO
Global Optimization                : AllClockNets
RTL Output                         : Yes
Write Timing Constraints           : NO
Hierarchy Separator                : /
Bus Delimiter                      : <>
Case Specifier                     : maintain
Slice Utilization Ratio            : 100
Slice Utilization Ratio Delta      : 5

---- Other Options
lso                                : i2c.lso
Read Cores                         : YES
cross_clock_analysis               : NO
verilog2001                        : YES
safe_implementation                : No
Optimize Instantiated Primitives   : NO
use_clock_enable                   : Yes
use_sync_set                       : Yes
use_sync_reset                     : Yes
enable_auto_floorplanning          : No

=========================================================================


=========================================================================
*                          HDL Compilation                              *
=========================================================================
Compiling verilog file "i2c.v"
Module <i2c> compiled
No errors in compilation
Analysis of file <"i2c.prj"> succeeded.
 

=========================================================================
*                            HDL Analysis                               *
=========================================================================
Analyzing top module <i2c>.
Module <i2c> is correct for synthesis.
 

=========================================================================
*                           HDL Synthesis                               *
=========================================================================
INFO:Xst:1304 - Contents of register <data> in unit <i2c> never changes during circuit operation. The register is replaced by logic.

Synthesizing Unit <i2c>.
    Related source file is "i2c.v".
    Register <scl_prev> equivalent to <scl> has been removed
    Found 1-bit register for signal <sda>.
    Found 1-bit register for signal <scl>.
    Found 1-bit 8-to-1 multiplexer for signal <$COND_1>.
    Found 4-bit down counter for signal <bit_cnt>.
    Found 8-bit up counter for signal <clk_div>.
    Found 1-bit register for signal <scl_int>.
    Summary:
	inferred   2 Counter(s).
	inferred   3 D-type flip-flop(s).
	inferred   1 Multiplexer(s).
Unit <i2c> synthesized.


=========================================================================
*                       Advanced HDL Synthesis                          *
=========================================================================

Advanced RAM inference ...
Advanced multiplier inference ...
Advanced Registered AddSub inference ...
Dynamic shift register inference ...

=========================================================================
HDL Synthesis Report

Macro Statistics
# Counters                         : 2
 4-bit down counter                : 1
 8-bit up counter                  : 1
# Registers                        : 3
 1-bit register                    : 3
# Multiplexers                     : 1
 1-bit 8-to-1 multiplexer          : 1

=========================================================================

=========================================================================
*                         Low Level Synthesis                           *
=========================================================================

Optimizing unit <i2c> ...
WARNING:Xst:1710 - FF/Latch  <bit_cnt_3> (without init value) has a constant value of 0 in block <i2c>.
WARNING:Xst:1291 - FF/Latch <bit_cnt_1> is unconnected in block <i2c>.
WARNING:Xst:1291 - FF/Latch <bit_cnt_2> is unconnected in block <i2c>.
Loading device for application Rf_Device from file '3s200.nph' in environment C:/Users/SHASHANK/OneDrive/Desktop/_xmsgs.

Mapping all equations...
Building and optimizing final netlist ...
Found area constraint ratio of 100 (+ 5) on block i2c, actual ratio is 0.

=========================================================================
*                            Final Report                               *
=========================================================================
Final Results
RTL Top Level Output File Name     : i2c.ngr
Top Level Output File Name         : i2c
Output Format                      : NGC
Optimization Goal                  : Speed
Keep Hierarchy                     : NO

Design Statistics
# IOs                              : 4

Macro Statistics :
# Registers                        : 7
#      1-bit register              : 7
# Counters                         : 1
#      8-bit up counter            : 1
# Multiplexers                     : 1
#      1-bit 8-to-1 multiplexer    : 1

Cell Usage :
# BELS                             : 33
#      GND                         : 1
#      INV                         : 2
#      LUT1                        : 1
#      LUT1_L                      : 5
#      LUT2                        : 3
#      LUT4                        : 1
#      LUT4_D                      : 1
#      LUT4_L                      : 2
#      MUXCY                       : 8
#      VCC                         : 1
#      XORCY                       : 8
# FlipFlops/Latches                : 12
#      FDCPE                       : 8
#      FDP                         : 1
#      FDPE                        : 3
# Clock Buffers                    : 1
#      BUFGP                       : 1
# IO Buffers                       : 3
#      IBUF                        : 1
#      OBUF                        : 2
=========================================================================

Device utilization summary:
---------------------------

Selected Device : 3s200pq208-4 

 Number of Slices:                       7  out of   1920     0%  
 Number of Slice Flip Flops:            12  out of   3840     0%  
 Number of 4 input LUTs:                13  out of   3840     0%  
 Number of bonded IOBs:                  4  out of    141     2%  
 Number of GCLKs:                        1  out of      8    12%  


=========================================================================
TIMING REPORT

NOTE: THESE TIMING NUMBERS ARE ONLY A SYNTHESIS ESTIMATE.
      FOR ACCURATE TIMING INFORMATION PLEASE REFER TO THE TRACE REPORT
      GENERATED AFTER PLACE-and-ROUTE.

Clock Information:
------------------
-----------------------------------+------------------------+-------+
Clock Signal                       | Clock buffer(FF name)  | Load  |
-----------------------------------+------------------------+-------+
clk                                | BUFGP                  | 12    |
-----------------------------------+------------------------+-------+

Timing Summary:
---------------
Speed Grade: -4

   Minimum period: 6.038ns (Maximum Frequency: 165.618MHz)
   Minimum input arrival time before clock: No path found
   Maximum output required time after clock: 7.241ns
   Maximum combinational path delay: No path found

Timing Detail:
--------------
All values displayed in nanoseconds (ns)

=========================================================================
Timing constraint: Default period analysis for Clock 'clk'
  Clock period: 6.038ns (frequency: 165.618MHz)
  Total number of paths / destination ports: 200 / 15
-------------------------------------------------------------------------
Delay:               6.038ns (Levels of Logic = 11)
  Source:            clk_div_3 (FF)
  Destination:       clk_div_7 (FF)
  Source Clock:      clk rising
  Destination Clock: clk rising

  Data Path: clk_div_3 to clk_div_7
                                Gate     Net
    Cell:in->out      fanout   Delay   Delay  Logical Name (Net Name)
    ----------------------------------------  ------------
     FDCPE:C->Q            2   0.720   1.216  clk_div_3 (clk_div_3)
     LUT2:I0->O            2   0.551   0.945  _n00005 (CHOICE29)
     LUT4_D:I2->LO         1   0.551   0.000  _n000027 (N40)
     MUXCY:S->O            1   0.500   0.000  clk_div_inst_cy_0 (clk_div_inst_cy_0)
     MUXCY:CI->O           1   0.064   0.000  clk_div_inst_cy_1 (clk_div_inst_cy_1)
     MUXCY:CI->O           1   0.064   0.000  clk_div_inst_cy_2 (clk_div_inst_cy_2)
     MUXCY:CI->O           1   0.064   0.000  clk_div_inst_cy_3 (clk_div_inst_cy_3)
     MUXCY:CI->O           1   0.064   0.000  clk_div_inst_cy_4 (clk_div_inst_cy_4)
     MUXCY:CI->O           1   0.064   0.000  clk_div_inst_cy_5 (clk_div_inst_cy_5)
     MUXCY:CI->O           1   0.064   0.000  clk_div_inst_cy_6 (clk_div_inst_cy_6)
     MUXCY:CI->O           0   0.064   0.000  clk_div_inst_cy_7 (clk_div_inst_cy_7)
     XORCY:CI->O           1   0.904   0.000  clk_div_inst_sum_7 (clk_div_inst_sum_7)
     FDCPE:D                   0.203          clk_div_7
    ----------------------------------------
    Total                      6.038ns (3.877ns logic, 2.161ns route)
                                       (64.2% logic, 35.8% route)

=========================================================================
Timing constraint: Default OFFSET OUT AFTER for Clock 'clk'
  Total number of paths / destination ports: 2 / 2
-------------------------------------------------------------------------
Offset:              7.241ns (Levels of Logic = 1)
  Source:            scl (FF)
  Destination:       scl (PAD)
  Source Clock:      clk rising

  Data Path: scl to scl
                                Gate     Net
    Cell:in->out      fanout   Delay   Delay  Logical Name (Net Name)
    ----------------------------------------  ------------
     FDP:C->Q              2   0.720   0.877  scl (scl_OBUF)
     OBUF:I->O                 5.644          scl_OBUF (scl)
    ----------------------------------------
    Total                      7.241ns (6.364ns logic, 0.877ns route)
                                       (87.9% logic, 12.1% route)

=========================================================================
CPU : 2.31 / 2.86 s | Elapsed : 3.00 / 3.00 s
 
--> 

Total memory usage is 170324 kilobytes

Number of errors   :    0 (   0 filtered)
Number of warnings :    3 (   0 filtered)
Number of infos    :    1 (   0 filtered)

